21:06:04 **** Build of configuration Debug for project Ejemplo03_Push_Button3 ****
make -j4 all 
arm-none-eabi-gcc -o "Ejemplo03_Push_Button3.elf" @"objects.list"   -mcpu=cortex-m4 -T"C:\Users\USUARIO\Dropbox\Tecnicas_Digitales_II\Ejemplo03_Push_Button3\STM32F413ZHTX_FLASH.ld" --specs=nosys.specs -Wl,-Map="Ejemplo03_Push_Button3.map" -Wl,--gc-sections -static --specs=nano.specs -mfpu=fpv4-sp-d16 -mfloat-abi=hard -mthumb -Wl,--start-group -lc -lm -Wl,--end-group
Finished building target: Ejemplo03_Push_Button3.elf
 
arm-none-eabi-size  Ejemplo03_Push_Button3.elf 
arm-none-eabi-objdump -h -S Ejemplo03_Push_Button3.elf  > "Ejemplo03_Push_Button3.list"
   text	   data	    bss	    dec	    hex	filename
  11988	     12	   2892	  14892	   3a2c	Ejemplo03_Push_Button3.elf
Finished building: default.size.stdout
 
Finished building: Ejemplo03_Push_Button3.list
 

21:06:05 Build Finished. 0 errors, 0 warnings. (took 1s.32ms)

