10:30:05 **** Incremental Build of configuration Debug for project Ejemplo04_Driver_GPIO ****
make -j16 all 
arm-none-eabi-gcc -mcpu=cortex-m4 -g3 -DDEBUG -c -I"C:/Users/Lenovo/Dropbox/Tecnicas_Digitales_II/Ejemplo04_Driver_GPIO/Drivers/API/Inc" -I"C:/Users/Lenovo/Dropbox/Tecnicas_Digitales_II/Ejemplo04_Driver_GPIO/Drivers/API" -I"C:/Users/Lenovo/Dropbox/Tecnicas_Digitales_II/Ejemplo04_Driver_GPIO/Drivers/API/Src" -x assembler-with-cpp -MMD -MP -MF"Core/Startup/startup_stm32f413zhtx.d" -MT"Core/Startup/startup_stm32f413zhtx.o" --specs=nano.specs -mfpu=fpv4-sp-d16 -mfloat-abi=hard -mthumb -o "Core/Startup/startup_stm32f413zhtx.o" "../Core/Startup/startup_stm32f413zhtx.s"
arm-none-eabi-gcc -o "Ejemplo04_Driver_GPIO.elf" @"objects.list"   -mcpu=cortex-m4 -T"C:\Users\Lenovo\Dropbox\Tecnicas_Digitales_II\Ejemplo04_Driver_GPIO\STM32F413ZHTX_FLASH.ld" --specs=nosys.specs -Wl,-Map="Ejemplo04_Driver_GPIO.map" -Wl,--gc-sections -static --specs=nano.specs -mfpu=fpv4-sp-d16 -mfloat-abi=hard -mthumb -Wl,--start-group -lc -lm -Wl,--end-group
Finished building target: Ejemplo04_Driver_GPIO.elf
 
arm-none-eabi-size  Ejemplo04_Driver_GPIO.elf 
arm-none-eabi-objdump -h -S Ejemplo04_Driver_GPIO.elf  > "Ejemplo04_Driver_GPIO.list"
   text	   data	    bss	    dec	    hex	filename
  12064	     12	   2892	  14968	   3a78	Ejemplo04_Driver_GPIO.elf
Finished building: default.size.stdout
 
Finished building: Ejemplo04_Driver_GPIO.list
 
10:37:13 **** Incremental Build of configuration Debug for project Ejemplo04_Driver_GPIO ****
make -j16 all 
arm-none-eabi-size  Ejemplo04_Driver_GPIO.elf 
   text	   data	    bss	    dec	    hex	filename
  12064	     12	   2892	  14968	   3a78	Ejemplo04_Driver_GPIO.elf
Finished building: default.size.stdout
 
